Rahul@LAPTOP-1FR68IKO MINGW64 ~/OneDrive/Desktop
$ ls
 133805064_ExamForm.PDF     LLsingly.txt            Projects/
 2020-06-07-191141584.mp4   MICROSOFT/             'Rahul - Shortcut.lnk'*
 2020-06-07-195119497.mp4  'Microsoft Teams.lnk'*   UmmyVideoDownloader.lnk*
 DBMS/                     'MinGW Installer.lnk'*  'Visual Studio Code.lnk'*
 DOUBBALYYLL.txt            MyProject/             'Web Dev'/
 Dev-C++.lnk*              'Opera Browser.lnk'*     desktop.ini
'GitHub Desktop.lnk'*       Path.txt               'linked list inplace.txt'
'Google Drive.lnk'*         Pictures/              'mongosh - Shortcut.lnk'*
 Hyper.lnk*                 Project/                singly.txt

Rahul@LAPTOP-1FR68IKO MINGW64 ~/OneDrive/Desktop
$ mkdir KunalGit

Rahul@LAPTOP-1FR68IKO MINGW64 ~/OneDrive/Desktop
$ ls
 133805064_ExamForm.PDF     LLsingly.txt           'Rahul - Shortcut.lnk'*
 2020-06-07-191141584.mp4   MICROSOFT/              UmmyVideoDownloader.lnk*
 2020-06-07-195119497.mp4  'Microsoft Teams.lnk'*  'Visual Studio Code.lnk'*
 DBMS/                     'MinGW Installer.lnk'*  'Web Dev'/
 DOUBBALYYLL.txt            MyProject/              desktop.ini
 Dev-C++.lnk*              'Opera Browser.lnk'*    'linked list inplace.txt'
'GitHub Desktop.lnk'*       Path.txt               'mongosh - Shortcut.lnk'*
'Google Drive.lnk'*         Pictures/               singly.txt
 Hyper.lnk*                 Project/
 KunalGit/                  Projects/

Rahul@LAPTOP-1FR68IKO MINGW64 ~/OneDrive/Desktop
$ cd KunalGit/

Rahul@LAPTOP-1FR68IKO MINGW64 ~/OneDrive/Desktop/KunalGit
$ ls

Rahul@LAPTOP-1FR68IKO MINGW64 ~/OneDrive/Desktop/KunalGit
$ git init
Initialized empty Git repository in C:/Users/Rahul/OneDrive/Desktop/KunalGit/.git/

Rahul@LAPTOP-1FR68IKO MINGW64 ~/OneDrive/Desktop/KunalGit (master)
$ ls

Rahul@LAPTOP-1FR68IKO MINGW64 ~/OneDrive/Desktop/KunalGit (master)
$ ls -a
./  ../  .git/

Rahul@LAPTOP-1FR68IKO MINGW64 ~/OneDrive/Desktop/KunalGit (master)
$ ls .git
HEAD  config  description  hooks/  info/  objects/  refs/

Rahul@LAPTOP-1FR68IKO MINGW64 ~/OneDrive/Desktop/KunalGit (master)
$ touch name.txt

Rahul@LAPTOP-1FR68IKO MINGW64 ~/OneDrive/Desktop/KunalGit (master)
$ ls
name.txt

Rahul@LAPTOP-1FR68IKO MINGW64 ~/OneDrive/Desktop/KunalGit (master)
$ git status
On branch master

No commits yet

Untracked files:
  (use "git add <file>..." to include in what will be committed)
        name.txt

nothing added to commit but untracked files present (use "git add" to track)

Rahul@LAPTOP-1FR68IKO MINGW64 ~/OneDrive/Desktop/KunalGit (master)
$ git add .

Rahul@LAPTOP-1FR68IKO MINGW64 ~/OneDrive/Desktop/KunalGit (master)
$ git status
On branch master

No commits yet

Changes to be committed:
  (use "git rm --cached <file>..." to unstage)
        new file:   name.txt


Rahul@LAPTOP-1FR68IKO MINGW64 ~/OneDrive/Desktop/KunalGit (master)
$  git commit -m "name.txt file added"
[master (root-commit) d20ecc1] name.txt file added
 1 file changed, 0 insertions(+), 0 deletions(-)
 create mode 100644 name.txt

Rahul@LAPTOP-1FR68IKO MINGW64 ~/OneDrive/Desktop/KunalGit (master)
$ git status
Rahul@LAPTOP-1FR68IKO MINGW64 ~/OneDrive/Desktop/KunalGit (master)
$ thing to commit, working tree clean

Rahul@LAPTOP-1FR68IKO MINGW64 ~/OneDrive/Desktop/KunalGit (master)
$ vim name.txt

Rahul@LAPTOP-1FR68IKO MINGW64 ~/OneDrive/Desktop/KunalGit (master)
$ cat name.txt
kunanal kushwaha
rahul nikale
Nikhil kadam

Rahul@LAPTOP-1FR68IKO MINGW64 ~/OneDrive/Desktop/KunalGit (master)
$ git status
On branch master
Changes not staged for commit:
  (use "git add <file>..." to update what will be committed)
  (use "git restore <file>..." to discard changes in working directory)
        modified:   name.txt

no changes added to commit (use "git add" and/or "git commit -a")

Rahul@LAPTOP-1FR68IKO MINGW64 ~/OneDrive/Desktop/KunalGit (master)
$ git add .
warning: in the working copy of 'name.txt', LF will be replaced by CRLF the next time Git to

Rahul@LAPTOP-1FR68IKO MINGW64 ~/OneDrive/Desktop/KunalGit (master)
$ git add .

Rahul@LAPTOP-1FR68IKO MINGW64 ~/OneDrive/Desktop/KunalGit (master)
$ git restore --staged name.txt

Rahul@LAPTOP-1FR68IKO MINGW64 ~/OneDrive/Desktop/KunalGit (master)
$ git add .
warning: in the working copy of 'name.txt', LF will be replaced by CRLF the next time Git to

Rahul@LAPTOP-1FR68IKO MINGW64 ~/OneDrive/Desktop/KunalGit (master)
$ git add .

Rahul@LAPTOP-1FR68IKO MINGW64 ~/OneDrive/Desktop/KunalGit (master)
$ ls
name.txt

Rahul@LAPTOP-1FR68IKO MINGW64 ~/OneDrive/Desktop/KunalGit (master)
$ git status
On branch master
Changes to be committed:
  (use "git restore --staged <file>..." to unstage)
        modified:   name.txt


Rahul@LAPTOP-1FR68IKO MINGW64 ~/OneDrive/Desktop/KunalGit (master)
$ git restore --staged name.txt

Rahul@LAPTOP-1FR68IKO MINGW64 ~/OneDrive/Desktop/KunalGit (master)
$ git status
On branch master
Changes not staged for commit:
  (use "git add <file>..." to update what will be committed)
  (use "git restore <file>..." to discard changes in working directory)
        modified:   name.txt

no changes added to commit (use "git add" and/or "git commit -a")

Rahul@LAPTOP-1FR68IKO MINGW64 ~/OneDrive/Desktop/KunalGit (master)
$ git add .
warning: in the working copy of 'name.txt', LF will be replaced by CRLF the next time Git to

Rahul@LAPTOP-1FR68IKO MINGW64 ~/OneDrive/Desktop/KunalGit (master)
$ git add .

Rahul@LAPTOP-1FR68IKO MINGW64 ~/OneDrive/Desktop/KunalGit (master)
$ git status
On branch master
Changes to be committed:
  (use "git restore --staged <file>..." to unstage)
        modified:   name.txt


Rahul@LAPTOP-1FR68IKO MINGW64 ~/OneDrive/Desktop/KunalGit (master)
$ git commit -m "name.txt modified"
[master d8298fb] name.txt modified
 1 file changed, 3 insertions(+)

Rahul@LAPTOP-1FR68IKO MINGW64 ~/OneDrive/Desktop/KunalGit (master)
$ git log
commit d8298fb9f9c12627449b67a0ccc67b937a252fe1 (HEAD -> master)
Author: Rahul25052002 <rnikale55@gmail.com>
Date:   Tue Jul 25 22:40:56 2023 +0530

    name.txt modified

commit d20ecc181833d922aef67f8ff68dc25820671bd1
Author: Rahul25052002 <rnikale55@gmail.com>
Date:   Tue Jul 25 22:31:30 2023 +0530

    name.txt file added

Rahul@LAPTOP-1FR68IKO MINGW64 ~/OneDrive/Desktop/KunalGit (master)
$ rm -rf name.txt

Rahul@LAPTOP-1FR68IKO MINGW64 ~/OneDrive/Desktop/KunalGit (master)
$ git status
On branch master
Changes not staged for commit:
  (use "git add/rm <file>..." to update what will be committed)
  (use "git restore <file>..." to discard changes in working directory)
        deleted:    name.txt

no changes added to commit (use "git add" and/or "git commit -a")

Rahul@LAPTOP-1FR68IKO MINGW64 ~/OneDrive/Desktop/KunalGit (master)
$ git add .

Rahul@LAPTOP-1FR68IKO MINGW64 ~/OneDrive/Desktop/KunalGit (master)
$ git commit -m "name.txt file deleted"
[master 319f83e] name.txt file deleted
 1 file changed, 3 deletions(-)
 delete mode 100644 name.txt

Rahul@LAPTOP-1FR68IKO MINGW64 ~/OneDrive/Desktop/KunalGit (master)
$ git status
On branch master
nothing to commit, working tree clean

Rahul@LAPTOP-1FR68IKO MINGW64 ~/OneDrive/Desktop/KunalGit (master)
$ git log
commit 319f83e207a82fcd40be49b29a594ab1940c481e (HEAD -> master)
Author: Rahul25052002 <rnikale55@gmail.com>
Date:   Tue Jul 25 22:46:02 2023 +0530

    name.txt file deleted

commit d8298fb9f9c12627449b67a0ccc67b937a252fe1
Author: Rahul25052002 <rnikale55@gmail.com>
Date:   Tue Jul 25 22:40:56 2023 +0530

    name.txt modified

commit d20ecc181833d922aef67f8ff68dc25820671bd1
Author: Rahul25052002 <rnikale55@gmail.com>
Date:   Tue Jul 25 22:31:30 2023 +0530

    name.txt file added

Rahul@LAPTOP-1FR68IKO MINGW64 ~/OneDrive/Desktop/KunalGit (master)
$ git reset

    name.txt file added

Rahul@LAPTOP-1FR68IKO MINGW64 ~/OneDrive/Desktop/KunalGit (master)
$ git reset
bash: name.txt: command not found
bash: syntax error near unexpected token `('
bash: $: command not found

Rahul@LAPTOP-1FR68IKO MINGW64 ~/OneDrive/Desktop/KunalGit (master)
$ git log
commit 319f83e207a82fcd40be49b29a594ab1940c481e (HEAD -> master)
Author: Rahul25052002 <rnikale55@gmail.com>
Date:   Tue Jul 25 22:46:02 2023 +0530

    name.txt file deleted

commit d8298fb9f9c12627449b67a0ccc67b937a252fe1
Author: Rahul25052002 <rnikale55@gmail.com>
Date:   Tue Jul 25 22:40:56 2023 +0530

    name.txt modified

commit d20ecc181833d922aef67f8ff68dc25820671bd1
Author: Rahul25052002 <rnikale55@gmail.com>
Date:   Tue Jul 25 22:31:30 2023 +0530

    name.txt file added

Rahul@LAPTOP-1FR68IKO MINGW64 ~/OneDrive/Desktop/KunalGit (master)
$ ^C

Rahul@LAPTOP-1FR68IKO MINGW64 ~/OneDrive/Desktop/KunalGit (master)
$ git reset d20ecc181833d922aef67f8ff68dc25820671bd1
Unstaged changes after reset:
D       name.txt

Rahul@LAPTOP-1FR68IKO MINGW64 ~/OneDrive/Desktop/KunalGit (master)
$ git log
commit d20ecc181833d922aef67f8ff68dc25820671bd1 (HEAD -> master)
Author: Rahul25052002 <rnikale55@gmail.com>
Date:   Tue Jul 25 22:31:30 2023 +0530

    name.txt file added

Rahul@LAPTOP-1FR68IKO MINGW64 ~/OneDrive/Desktop/KunalGit (master)
$ git log
commit d20ecc181833d922aef67f8ff68dc25820671bd1 (HEAD -> master)
Author: Rahul25052002 <rnikale55@gmail.com>
Date:   Tue Jul 25 22:31:30 2023 +0530

    name.txt file added

Rahul@LAPTOP-1FR68IKO MINGW64 ~/OneDrive/Desktop/KunalGit (master)
$ git status
On branch master
Changes not staged for commit:
  (use "git add/rm <file>..." to update what will be committed)
  (use "git restore <file>..." to discard changes in working directory)
        deleted:    name.txt

no changes added to commit (use "git add" and/or "git commit -a")

Rahul@LAPTOP-1FR68IKO MINGW64 ~/OneDrive/Desktop/KunalGit (master)
$ git log
commit d20ecc181833d922aef67f8ff68dc25820671bd1 (HEAD -> master)
Author: Rahul25052002 <rnikale55@gmail.com>
Date:   Tue Jul 25 22:31:30 2023 +0530

    name.txt file added

Rahul@LAPTOP-1FR68IKO MINGW64 ~/OneDrive/Desktop/KunalGit (master)
$  git surnames,txt
git: 'surnames,txt' is not a git command. See 'git --help'.

Rahul@LAPTOP-1FR68IKO MINGW64 ~/OneDrive/Desktop/KunalGit (master)
$ touch surname.txt

Rahul@LAPTOP-1FR68IKO MINGW64 ~/OneDrive/Desktop/KunalGit (master)
$ touch house .txt

Rahul@LAPTOP-1FR68IKO MINGW64 ~/OneDrive/Desktop/KunalGit (master)
$ git status
On branch master
Changes not staged for commit:
  (use "git add/rm <file>..." to update what will be committed)
  (use "git restore <file>..." to discard changes in working directory)
        deleted:    name.txt

Untracked files:
  (use "git add <file>..." to include in what will be committed)
        .txt
        house
        surname.txt

no changes added to commit (use "git add" and/or "git commit -a")

Rahul@LAPTOP-1FR68IKO MINGW64 ~/OneDrive/Desktop/KunalGit (master)
$ git add .

Rahul@LAPTOP-1FR68IKO MINGW64 ~/OneDrive/Desktop/KunalGit (master)
$ git status
On branch master
Changes to be committed:
  (use "git restore --staged <file>..." to unstage)
        renamed:    name.txt -> .txt
        new file:   house
        new file:   surname.txt


Rahul@LAPTOP-1FR68IKO MINGW64 ~/OneDrive/Desktop/KunalGit (master)
$ git stash
Saved working directory and index state WIP on master: d20ecc1 name.txt file added

Rahul@LAPTOP-1FR68IKO MINGW64 ~/OneDrive/Desktop/KunalGit (master)
$ git status
On branch master
nothing to commit, working tree clean

Rahul@LAPTOP-1FR68IKO MINGW64 ~/OneDrive/Desktop/KunalGit (master)
$ ls
name.txt

Rahul@LAPTOP-1FR68IKO MINGW64 ~/OneDrive/Desktop/KunalGit (master)
$ cat name.txt

Rahul@LAPTOP-1FR68IKO MINGW64 ~/OneDrive/Desktop/KunalGit (master)
$ git stash pop
On branch master
Changes to be committed:
  (use "git restore --staged <file>..." to unstage)
        new file:   .txt
        new file:   house
        new file:   surname.txt

Changes not staged for commit:
  (use "git add/rm <file>..." to update what will be committed)
  (use "git restore <file>..." to discard changes in working directory)
        deleted:    name.txt

Dropped refs/stash@{0} (8b0682e4ccc76fda4b0d2160eb1de5b91651c97e)

Rahul@LAPTOP-1FR68IKO MINGW64 ~/OneDrive/Desktop/KunalGit (master)
$ git add .

Rahul@LAPTOP-1FR68IKO MINGW64 ~/OneDrive/Desktop/KunalGit (master)
$ git stash
Saved working directory and index state WIP on master: d20ecc1 name.txt file added

Rahul@LAPTOP-1FR68IKO MINGW64 ~/OneDrive/Desktop/KunalGit (master)
$ git status
On branch master
nothing to commit, working tree clean

Rahul@LAPTOP-1FR68IKO MINGW64 ~/OneDrive/Desktop/KunalGit (master)
$ git stash pop
On branch master
Changes to be committed:
  (use "git restore --staged <file>..." to unstage)
        new file:   .txt
        new file:   house
        new file:   surname.txt

Changes not staged for commit:
  (use "git add/rm <file>..." to update what will be committed)
  (use "git restore <file>..." to discard changes in working directory)
        deleted:    name.txt

Dropped refs/stash@{0} (d5ec6b2dbd7822d9cc6fa39403669495ab609072)

Rahul@LAPTOP-1FR68IKO MINGW64 ~/OneDrive/Desktop/KunalGit (master)
$ git add .

Rahul@LAPTOP-1FR68IKO MINGW64 ~/OneDrive/Desktop/KunalGit (master)
$ git stash clear

Rahul@LAPTOP-1FR68IKO MINGW64 ~/OneDrive/Desktop/KunalGit (master)
$ git status
On branch master
Changes to be committed:
  (use "git restore --staged <file>..." to unstage)
        renamed:    name.txt -> .txt
        new file:   house
        new file:   surname.txt


Rahul@LAPTOP-1FR68IKO MINGW64 ~/OneDrive/Desktop/KunalGit (master)
$ git stash
Saved working directory and index state WIP on master: d20ecc1 name.txt file added

Rahul@LAPTOP-1FR68IKO MINGW64 ~/OneDrive/Desktop/KunalGit (master)
$ git status
On branch master
nothing to commit, working tree clean

Rahul@LAPTOP-1FR68IKO MINGW64 ~/OneDrive/Desktop/KunalGit (master)
$ ls
name.txt

Rahul@LAPTOP-1FR68IKO MINGW64 ~/OneDrive/Desktop/KunalGit (master)
$ git remote add origin https://github.com/RahuL25052002/LearnigGit

Rahul@LAPTOP-1FR68IKO MINGW64 ~/OneDrive/Desktop/KunalGit (master)
$ git remote -v
origin  https://github.com/RahuL25052002/LearnigGit (fetch)
origin  https://github.com/RahuL25052002/LearnigGit (push)

Rahul@LAPTOP-1FR68IKO MINGW64 ~/OneDrive/Desktop/KunalGit (master)
$ git push origin master
Enumerating objects: 3, done.
Counting objects: 100% (3/3), done.
Writing objects: 100% (3/3), 217 bytes | 217.00 KiB/s, done.
Total 3 (delta 0), reused 0 (delta 0), pack-reused 0
To https://github.com/RahuL25052002/LearnigGit
 * [new branch]      master -> master

Rahul@LAPTOP-1FR68IKO MINGW64 ~/OneDrive/Desktop/KunalGit (master)
$ git remote -v
origin  https://github.com/RahuL25052002/LearnigGit (fetch)
origin  https://github.com/RahuL25052002/LearnigGit (push)

Rahul@LAPTOP-1FR68IKO MINGW64 ~/OneDrive/Desktop/KunalGit (master)
$ touch surname.txt

Rahul@LAPTOP-1FR68IKO MINGW64 ~/OneDrive/Desktop/KunalGit (master)
$ touch house.txt

Rahul@LAPTOP-1FR68IKO MINGW64 ~/OneDrive/Desktop/KunalGit (master)
$ touch school.txt

Rahul@LAPTOP-1FR68IKO MINGW64 ~/OneDrive/Desktop/KunalGit (master)
$ git add .

Rahul@LAPTOP-1FR68IKO MINGW64 ~/OneDrive/Desktop/KunalGit (master)
$ git status
On branch master
Changes to be committed:
  (use "git restore --staged <file>..." to unstage)
        new file:   house.txt
        new file:   school.txt
        new file:   surname.txt


Rahul@LAPTOP-1FR68IKO MINGW64 ~/OneDrive/Desktop/KunalGit (master)
$ git log
commit d20ecc181833d922aef67f8ff68dc25820671bd1 (HEAD -> master, origin/master)
Author: Rahul25052002 <rnikale55@gmail.com>
Date:   Tue Jul 25 22:31:30 2023 +0530

    name.txt file added

Rahul@LAPTOP-1FR68IKO MINGW64 ~/OneDrive/Desktop/KunalGit (master)
$ git commit -m "New changes Recoreded"
[master e3a8251] New changes Recoreded
 3 files changed, 0 insertions(+), 0 deletions(-)
 create mode 100644 house.txt
 create mode 100644 school.txt
 create mode 100644 surname.txt

Rahul@LAPTOP-1FR68IKO MINGW64 ~/OneDrive/Desktop/KunalGit (master)
$ git status
On branch master
nothing to commit, working tree clean

Rahul@LAPTOP-1FR68IKO MINGW64 ~/OneDrive/Desktop/KunalGit (master)
$ git log
commit e3a8251e108e264783c4ada06de3c8bb115c641f (HEAD -> master)
Author: Rahul25052002 <rnikale55@gmail.com>
Date:   Tue Jul 25 23:34:29 2023 +0530

    New changes Recoreded

commit d20ecc181833d922aef67f8ff68dc25820671bd1 (origin/master)
Author: Rahul25052002 <rnikale55@gmail.com>
Date:   Tue Jul 25 22:31:30 2023 +0530

    name.txt file added

Rahul@LAPTOP-1FR68IKO MINGW64 ~/OneDrive/Desktop/KunalGit (master)
$ touch rahul.txt

Rahul@LAPTOP-1FR68IKO MINGW64 ~/OneDrive/Desktop/KunalGit (master)
$ git add .

Rahul@LAPTOP-1FR68IKO MINGW64 ~/OneDrive/Desktop/KunalGit (master)
$ git commit -m "rahul.txt added"
[master 5a76385] rahul.txt added
 1 file changed, 0 insertions(+), 0 deletions(-)
 create mode 100644 rahul.txt

Rahul@LAPTOP-1FR68IKO MINGW64 ~/OneDrive/Desktop/KunalGit (master)
$ git status
On branch master
nothing to commit, working tree clean

Rahul@LAPTOP-1FR68IKO MINGW64 ~/OneDrive/Desktop/KunalGit (master)
$ git log
commit 5a76385f82ce53852ac3ddb33851bf4cee3aa360 (HEAD -> master)
Author: Rahul25052002 <rnikale55@gmail.com>
Date:   Tue Jul 25 23:35:12 2023 +0530

    rahul.txt added

commit e3a8251e108e264783c4ada06de3c8bb115c641f
Author: Rahul25052002 <rnikale55@gmail.com>
Date:   Tue Jul 25 23:34:29 2023 +0530

    New changes Recoreded

commit d20ecc181833d922aef67f8ff68dc25820671bd1 (origin/master)
Author: Rahul25052002 <rnikale55@gmail.com>
Date:   Tue Jul 25 22:31:30 2023 +0530

    name.txt file added

Rahul@LAPTOP-1FR68IKO MINGW64 ~/OneDrive/Desktop/KunalGit (master)
$ git push origin master
Enumerating objects: 5, done.
Counting objects: 100% (5/5), done.
Delta compression using up to 4 threads
Compressing objects: 100% (4/4), done.
Writing objects: 100% (4/4), 446 bytes | 446.00 KiB/s, done.
Total 4 (delta 1), reused 0 (delta 0), pack-reused 0
remote: Resolving deltas: 100% (1/1), done.
To https://github.com/RahuL25052002/LearnigGit
   d20ecc1..5a76385  master -> master

Rahul@LAPTOP-1FR68IKO MINGW64 ~/OneDrive/Desktop/KunalGit (master)
$ git status
On branch master
nothing to commit, working tree clean

Rahul@LAPTOP-1FR68IKO MINGW64 ~/OneDrive/Desktop/KunalGit (master)
$ git log
commit 5a76385f82ce53852ac3ddb33851bf4cee3aa360 (HEAD -> master, origin/master)
Author: Rahul25052002 <rnikale55@gmail.com>
Date:   Tue Jul 25 23:35:12 2023 +0530

    rahul.txt added

commit e3a8251e108e264783c4ada06de3c8bb115c641f
Author: Rahul25052002 <rnikale55@gmail.com>
Date:   Tue Jul 25 23:34:29 2023 +0530

    New changes Recoreded

commit d20ecc181833d922aef67f8ff68dc25820671bd1
Author: Rahul25052002 <rnikale55@gmail.com>
Date:   Tue Jul 25 22:31:30 2023 +0530

    name.txt file added

Rahul@LAPTOP-1FR68IKO MINGW64 ~/OneDrive/Desktop/KunalGit (master)
$
